  (use "git add <file>..." to update what will be committed)
  (use "git checkout -- <file>..." to discard changes in working directory)

        modified:   LICENSE

no changes added to commit (use "git add" and/or "git commit -a")

mankz_@MANKZ ~/ajar/ajar (master)
$ git log
commit 843d612875a2a933ee705709b49fe9b9069c2885
Author: mankz <aji.mukhlis@gmail.com>
Date:   Wed Jul 16 16:33:27 2014 +0700

    Initial commit

mankz_@MANKZ ~/ajar/ajar (master)
$ git status
On branch master
Your branch is up-to-date with 'origin/master'.

Changes not staged for commit:
  (use "git add <file>..." to update what will be committed)
  (use "git checkout -- <file>..." to discard changes in working directory)

        modified:   LICENSE

Untracked files:
  (use "git add <file>..." to include in what will be committed)

        index.html

no changes added to commit (use "git add" and/or "git commit -a")

mankz_@MANKZ ~/ajar/ajar (master)
$ git add .

mankz_@MANKZ ~/ajar/ajar (master)
$ git commit -am "coba commit pertama kali"

*** Please tell me who you are.

Run

  git config --global user.email "you@example.com"
  git config --global user.name "Your Name"

to set your account's default identity.
Omit --global to set the identity only in this repository.

fatal: unable to auto-detect email address (got 'mankz_@mankz.(none)')

mankz_@MANKZ ~/ajar/ajar (master)
$ git push
warning: push.default is unset; its implicit value is changing in
Git 2.0 from 'matching' to 'simple'. To squelch this message
and maintain the current behavior after the default changes, use:

  git config --global push.default matching

To squelch this message and adopt the new behavior now, use:

  git config --global push.default simple

When push.default is set to 'matching', git will push local branches
to the remote branches that already exist with the same name.

In Git 2.0, Git will default to the more conservative 'simple'
behavior, which only pushes the current branch to the corresponding
remote branch that 'git pull' uses to update the current branch.

See 'git help config' and search for 'push.default' for further information.
(the 'simple' mode was introduced in Git 1.7.11. Use the similar mode
'current' instead of 'simple' if you sometimes use older versions of Git)

Username for 'https://github.com': mankz
Password for 'https://mankz@github.com':
Everything up-to-date

mankz_@MANKZ ~/ajar/ajar (master)
$ git push origin master
Username for 'https://github.com': mankz
Password for 'https://mankz@github.com':
Everything up-to-date

mankz_@MANKZ ~/ajar/ajar (master)
$ git config -- global user.email "aji.mukhlis@gmail.com"
error: key does not contain a section: global

mankz_@MANKZ ~/ajar/ajar (master)
$ git config --global user.email "aji.mukhlis@gmail.com"

mankz_@MANKZ ~/ajar/ajar (master)
$ git config --global user.name "mankz"

mankz_@MANKZ ~/ajar/ajar (master)
$ git push
warning: push.default is unset; its implicit value is changing in
Git 2.0 from 'matching' to 'simple'. To squelch this message
and maintain the current behavior after the default changes, use:

  git config --global push.default matching

To squelch this message and adopt the new behavior now, use:

  git config --global push.default simple

When push.default is set to 'matching', git will push local branches
to the remote branches that already exist with the same name.

In Git 2.0, Git will default to the more conservative 'simple'
behavior, which only pushes the current branch to the corresponding
remote branch that 'git pull' uses to update the current branch.

See 'git help config' and search for 'push.default' for further information.
(the 'simple' mode was introduced in Git 1.7.11. Use the similar mode
'current' instead of 'simple' if you sometimes use older versions of Git)

Username for 'https://github.com': mankz
Password for 'https://mankz@github.com':
Everything up-to-date

mankz_@MANKZ ~/ajar/ajar (master)
$ git config --global push.default matching

mankz_@MANKZ ~/ajar/ajar (master)
$ git push
Username for 'https://github.com': mankz
Password for 'https://mankz@github.com':
Everything up-to-date

mankz_@MANKZ ~/ajar/ajar (master)
$ git status
On branch master
Your branch is up-to-date with 'origin/master'.

Changes to be committed:
  (use "git reset HEAD <file>..." to unstage)

        modified:   LICENSE
        new file:   index.html


mankz_@MANKZ ~/ajar/ajar (master)
$ git push origin master
Username for 'https://github.com': mankz
Password for 'https://mankz@github.com':
Everything up-to-date

mankz_@MANKZ ~/ajar/ajar (master)
$ git pull
Already up-to-date.

mankz_@MANKZ ~/ajar/ajar (master)
$ git status
On branch master
Your branch is up-to-date with 'origin/master'.

Changes to be committed:
  (use "git reset HEAD <file>..." to unstage)

        modified:   LICENSE
        new file:   index.html


mankz_@MANKZ ~/ajar/ajar (master)
$ git ad d .
git: 'ad' is not a git command. See 'git --help'.

Did you mean one of these?
        add
        am

mankz_@MANKZ ~/ajar/ajar (master)
$ git add .

mankz_@MANKZ ~/ajar/ajar (master)
$ git commit -am "FIX"
[master 7add3d7] FIX
 2 files changed, 1 insertion(+), 1 deletion(-)
 create mode 100644 index.html

mankz_@MANKZ ~/ajar/ajar (master)
$ git push
Username for 'https://github.com': mankz
Password for 'https://mankz@github.com':
remote: Invalid username or password.
fatal: Authentication failed for 'https://github.com/mankz/ajar.git/'

mankz_@MANKZ ~/ajar/ajar (master)
$ git push
Username for 'https://github.com': mankz
Password for 'https://mankz@github.com':
Counting objects: 6, done.
Delta compression using up to 8 threads.
Compressing objects: 100% (3/3), done.
Writing objects: 100% (4/4), 400 bytes | 0 bytes/s, done.
Total 4 (delta 1), reused 0 (delta 0)
To https://github.com/mankz/ajar.git
   843d612..7add3d7  master -> master

mankz_@MANKZ ~/ajar/ajar (master)
$ git add .
warning: You ran 'git add' with neither '-A (--all)' or '--ignore-removal',
whose behaviour will change in Git 2.0 with respect to paths you removed.
Paths like 'index.html' that are
removed from your working tree are ignored with this version of Git.

* 'git add --ignore-removal <pathspec>', which is the current default,
  ignores paths you removed from your working tree.

* 'git add --all <pathspec>' will let you also record the removals.

Run 'git status' to check the paths you removed from your working tree.


mankz_@MANKZ ~/ajar/ajar (master)
$ git status
On branch master
Your branch is up-to-date with 'origin/master'.

Changes not staged for commit:
  (use "git add/rm <file>..." to update what will be committed)
  (use "git checkout -- <file>..." to discard changes in working directory)

        deleted:    index.html

no changes added to commit (use "git add" and/or "git commit -a")

mankz_@MANKZ ~/ajar/ajar (master)
$ git commit -h
usage: git commit [options] [--] <pathspec>...

    -q, --quiet           suppress summary after successful commit
    -v, --verbose         show diff in commit message template

Commit message options
    -F, --file <file>     read message from file
    --author <author>     override author for commit
    --date <date>         override date for commit
    -m, --message <message>
                          commit message
    -c, --reedit-message <commit>
                          reuse and edit message from specified commit
    -C, --reuse-message <commit>
                          reuse message from specified commit
    --fixup <commit>      use autosquash formatted message to fixup specified co
mmit
    --squash <commit>     use autosquash formatted message to squash specified c
ommit
    --reset-author        the commit is authored by me now (used with -C/-c/--am
end)
    -s, --signoff         add Signed-off-by:
    -t, --template <file>
                          use specified template file
    -e, --edit            force edit of commit
    --cleanup <default>   how to strip spaces and #comments from message
    --status              include status in commit message template
    -S, --gpg-sign[=<key id>]
                          GPG sign commit

Commit contents options
    -a, --all             commit all changed files
    -i, --include         add specified files to index for commit
    --interactive         interactively add files
    -p, --patch           interactively add changes
    -o, --only            commit only specified files
    -n, --no-verify       bypass pre-commit hook
    --dry-run             show what would be committed
    --short               show status concisely
    --branch              show branch information
    --porcelain           machine-readable output
    --long                show status in long format (default)
    -z, --null            terminate entries with NUL
    --amend               amend previous commit
    --no-post-rewrite     bypass post-rewrite hook
    -u, --untracked-files[=<mode>]
                          show untracked files, optional modes: all, normal, no.
 (Default: all)


mankz_@MANKZ ~/ajar/ajar (master)
$ git commit -am "delete index.html mau kae"
[master ab0a3e6] delete index.html mau kae
 1 file changed, 0 insertions(+), 0 deletions(-)
 delete mode 100644 index.html

mankz_@MANKZ ~/ajar/ajar (master)
$ git push
Username for 'https://github.com': mankz
Password for 'https://mankz@github.com':
Counting objects: 3, done.
Delta compression using up to 8 threads.
Compressing objects: 100% (2/2), done.
Writing objects: 100% (2/2), 227 bytes | 0 bytes/s, done.
Total 2 (delta 1), reused 0 (delta 0)
To https://github.com/mankz/ajar.git
   7add3d7..ab0a3e6  master -> master

mankz_@MANKZ ~/ajar/ajar (master)
$